../Core/Src/main.c:174:13:App_StartPowerSequence	16	static
../Core/Src/main.c:196:13:App_StartMeasurements	8	static
../Core/Src/main.c:217:13:App_ProcessMeasurementWindow	248	static,ignoring_inline_asm
../Core/Src/main.c:287:13:App_CheckPowerAndShutdownIfNeeded	8	static
../Core/Src/main.c:301:13:App_SafeShutdown	8	static
../Core/Src/main.c:321:13:LED_Blink	32	static
../Core/Src/main.c:332:13:LED_SendSuccessBlink	8	static
../Core/Src/main.c:343:13:DWT_Delay_Init	4	static
../Core/Src/main.c:350:13:DWT_DelayUs	24	static
../Core/Src/main.c:360:17:ADC2_ReadChannel	40	static
../Core/Src/main.c:388:13:ReadAuxAnalogInputs	8	static
../Core/Src/main.c:397:14:RawToVoltage	16	static
../Core/Src/main.c:402:14:BatteryVoltageFromRaw	16	static
../Core/Src/main.c:407:13:TextAppend	24	static
../Core/Src/main.c:418:13:TextAppendInt32	48	static
../Core/Src/main.c:449:13:TextAppendFixed2	40	static
../Core/Src/main.c:473:13:TextAppendRaw	24	static
../Core/Src/main.c:480:13:RAK_ClearOldUartData	8	static
../Core/Src/main.c:487:13:RAK_WaitForJoin	24	static
../Core/Src/main.c:514:13:RAK_SendCommandAndWaitOK	24	static
../Core/Src/main.c:552:13:RAK_AsciiToHex	32	static
../Core/Src/main.c:568:13:RAK_SendAsciiPayload	696	static
../Core/Src/main.c:585:13:BuildPayloadPart1	24	static
../Core/Src/main.c:608:13:BuildPayloadPart2	32	static
../Core/Src/main.c:642:13:DS18B20_LineRelease	8	static
../Core/Src/main.c:647:13:DS18B20_LineLow	8	static
../Core/Src/main.c:652:16:DS18B20_LineRead	8	static
../Core/Src/main.c:657:16:DS18B20_Reset	16	static
../Core/Src/main.c:671:13:DS18B20_WriteBit	16	static
../Core/Src/main.c:689:16:DS18B20_ReadBit	16	static
../Core/Src/main.c:703:13:DS18B20_WriteByte	24	static
../Core/Src/main.c:712:16:DS18B20_ReadByte	16	static
../Core/Src/main.c:728:16:DS18B20_Crc8	24	static
../Core/Src/main.c:751:16:DS18B20_Search	48	static
../Core/Src/main.c:840:13:DS18B20_ReadScratchpad	32	static
../Core/Src/main.c:862:13:DS18B20_ReadTemperatureCenti	32	static
../Core/Src/main.c:878:13:DS18B20_ReadAllTemperatures	24	static
../Core/Src/main.c:914:5:main	8	static
../Core/Src/main.c:971:6:SystemClock_Config	88	static
../Core/Src/main.c:1017:13:MX_ADC1_Init	24	static
../Core/Src/main.c:1114:13:MX_ADC2_Init	24	static
../Core/Src/main.c:1166:13:MX_TIM2_Init	32	static
../Core/Src/main.c:1213:13:MX_USART1_UART_Init	8	static
../Core/Src/main.c:1244:13:MX_DMA_Init	16	static
../Core/Src/main.c:1262:13:MX_GPIO_Init	56	static
../Core/Src/main.c:1349:6:HAL_TIM_PeriodElapsedCallback	24	static
../Core/Src/main.c:1374:6:HAL_GPIO_EXTI_Callback	16	static
../Core/Src/main.c:1388:6:Error_Handler	4	static,ignoring_inline_asm
