../Core/Src/main.c:185:13:DEBUG_USART2_GPIO_Clock_Init	40	static
../Core/Src/main.c:200:13:Debug_Log	208	static
../Core/Src/main.c:228:13:App_StartPowerSequence	16	static
../Core/Src/main.c:256:13:App_StartMeasurements	8	static
../Core/Src/main.c:286:13:App_ProcessMeasurementWindow	256	static,ignoring_inline_asm
../Core/Src/main.c:379:13:App_CheckPowerAndShutdownIfNeeded	8	static
../Core/Src/main.c:398:13:App_SafeShutdown	8	static
../Core/Src/main.c:419:13:LED_Blink	32	static
../Core/Src/main.c:430:13:LED_SendSuccessBlink	8	static
../Core/Src/main.c:441:13:DWT_Delay_Init	4	static
../Core/Src/main.c:448:13:DWT_DelayUs	24	static
../Core/Src/main.c:458:17:ADC2_ReadChannel	40	static
../Core/Src/main.c:495:13:ReadAuxAnalogInputs	24	static
../Core/Src/main.c:508:14:RawToVoltage	16	static
../Core/Src/main.c:513:14:BatteryVoltageFromRaw	16	static
../Core/Src/main.c:518:13:TextAppend	24	static
../Core/Src/main.c:529:13:TextAppendInt32	48	static
../Core/Src/main.c:560:13:TextAppendFixed2	40	static
../Core/Src/main.c:584:13:TextAppendRaw	24	static
../Core/Src/main.c:591:13:RAK_ClearOldUartData	16	static
../Core/Src/main.c:606:13:RAK_WaitForJoin	24	static
../Core/Src/main.c:634:13:RAK_SendCommandAndWaitOK	24	static
../Core/Src/main.c:677:13:RAK_AsciiToHex	32	static
../Core/Src/main.c:693:13:RAK_SendAsciiPayload	696	static
../Core/Src/main.c:711:13:BuildPayloadPart1	24	static
../Core/Src/main.c:734:13:BuildPayloadPart2	32	static
../Core/Src/main.c:768:13:DS18B20_LineRelease	8	static
../Core/Src/main.c:773:13:DS18B20_LineLow	8	static
../Core/Src/main.c:778:16:DS18B20_LineRead	8	static
../Core/Src/main.c:783:16:DS18B20_Reset	16	static
../Core/Src/main.c:797:13:DS18B20_WriteBit	16	static
../Core/Src/main.c:815:16:DS18B20_ReadBit	16	static
../Core/Src/main.c:829:13:DS18B20_WriteByte	24	static
../Core/Src/main.c:838:16:DS18B20_ReadByte	16	static
../Core/Src/main.c:854:16:DS18B20_Crc8	24	static
../Core/Src/main.c:877:16:DS18B20_Search	88	static
../Core/Src/main.c:973:13:DS18B20_ReadScratchpad	64	static
../Core/Src/main.c:1004:13:DS18B20_ReadTemperatureCenti	32	static
../Core/Src/main.c:1020:13:DS18B20_ReadAllTemperatures	24	static
../Core/Src/main.c:1069:5:main	32	static
../Core/Src/main.c:1133:6:SystemClock_Config	88	static
../Core/Src/main.c:1179:13:MX_ADC1_Init	24	static
../Core/Src/main.c:1276:13:MX_ADC2_Init	24	static
../Core/Src/main.c:1328:13:MX_TIM2_Init	32	static
../Core/Src/main.c:1375:13:MX_USART1_UART_Init	8	static
../Core/Src/main.c:1408:13:MX_USART2_UART_Init	8	static
../Core/Src/main.c:1440:13:MX_DMA_Init	16	static
../Core/Src/main.c:1458:13:MX_GPIO_Init	56	static
../Core/Src/main.c:1545:6:HAL_TIM_PeriodElapsedCallback	24	static
../Core/Src/main.c:1570:6:HAL_GPIO_EXTI_Callback	16	static
../Core/Src/main.c:1584:6:Error_Handler	4	static,ignoring_inline_asm
