../Core/Src/main.c:185:13:DEBUG_USART2_GPIO_Clock_Init	1
../Core/Src/main.c:200:13:Debug_Log	4
../Core/Src/main.c:228:13:App_StartPowerSequence	2
../Core/Src/main.c:256:13:App_StartMeasurements	3
../Core/Src/main.c:286:13:App_ProcessMeasurementWindow	11
../Core/Src/main.c:379:13:App_CheckPowerAndShutdownIfNeeded	3
../Core/Src/main.c:398:13:App_SafeShutdown	1
../Core/Src/main.c:419:13:LED_Blink	2
../Core/Src/main.c:430:13:LED_SendSuccessBlink	1
../Core/Src/main.c:441:13:DWT_Delay_Init	1
../Core/Src/main.c:448:13:DWT_DelayUs	2
../Core/Src/main.c:458:17:ADC2_ReadChannel	4
../Core/Src/main.c:495:13:ReadAuxAnalogInputs	1
../Core/Src/main.c:508:14:RawToVoltage	1
../Core/Src/main.c:513:14:BatteryVoltageFromRaw	1
../Core/Src/main.c:518:13:TextAppend	3
../Core/Src/main.c:529:13:TextAppendInt32	4
../Core/Src/main.c:560:13:TextAppendFixed2	4
../Core/Src/main.c:584:13:TextAppendRaw	1
../Core/Src/main.c:591:13:RAK_ClearOldUartData	3
../Core/Src/main.c:606:13:RAK_WaitForJoin	5
../Core/Src/main.c:634:13:RAK_SendCommandAndWaitOK	8
../Core/Src/main.c:677:13:RAK_AsciiToHex	3
../Core/Src/main.c:693:13:RAK_SendAsciiPayload	1
../Core/Src/main.c:711:13:BuildPayloadPart1	1
../Core/Src/main.c:734:13:BuildPayloadPart2	5
../Core/Src/main.c:768:13:DS18B20_LineRelease	1
../Core/Src/main.c:773:13:DS18B20_LineLow	1
../Core/Src/main.c:778:16:DS18B20_LineRead	2
../Core/Src/main.c:783:16:DS18B20_Reset	2
../Core/Src/main.c:797:13:DS18B20_WriteBit	2
../Core/Src/main.c:815:16:DS18B20_ReadBit	1
../Core/Src/main.c:829:13:DS18B20_WriteByte	2
../Core/Src/main.c:838:16:DS18B20_ReadByte	3
../Core/Src/main.c:854:16:DS18B20_Crc8	4
../Core/Src/main.c:877:16:DS18B20_Search	17
../Core/Src/main.c:973:13:DS18B20_ReadScratchpad	5
../Core/Src/main.c:1004:13:DS18B20_ReadTemperatureCenti	3
../Core/Src/main.c:1020:13:DS18B20_ReadAllTemperatures	6
../Core/Src/main.c:1069:5:main	2
../Core/Src/main.c:1133:6:SystemClock_Config	3
../Core/Src/main.c:1179:13:MX_ADC1_Init	8
../Core/Src/main.c:1276:13:MX_ADC2_Init	3
../Core/Src/main.c:1328:13:MX_TIM2_Init	4
../Core/Src/main.c:1375:13:MX_USART1_UART_Init	2
../Core/Src/main.c:1408:13:MX_USART2_UART_Init	2
../Core/Src/main.c:1440:13:MX_DMA_Init	1
../Core/Src/main.c:1458:13:MX_GPIO_Init	1
../Core/Src/main.c:1545:6:HAL_TIM_PeriodElapsedCallback	4
../Core/Src/main.c:1570:6:HAL_GPIO_EXTI_Callback	2
../Core/Src/main.c:1584:6:Error_Handler	1
